2026-07-26 22:39:48.866 | INFO     | database.crud:add_job:23 - Job added
2026-07-28 22:52:07.175 | INFO     | database.crud:add_job:23 - Job added
2026-07-28 22:52:07.177 | INFO     | database.crud:add_job:23 - Job added
2026-07-28 22:52:07.178 | INFO     | database.crud:add_job:23 - Job added
2026-07-28 22:52:07.180 | INFO     | database.crud:add_job:23 - Job added
2026-07-28 22:52:07.181 | INFO     | database.crud:add_job:23 - Job added
2026-07-28 22:52:07.182 | INFO     | database.crud:add_job:23 - Job added
2026-07-28 22:52:07.184 | INFO     | database.crud:add_job:23 - Job added
2026-07-28 22:52:07.185 | INFO     | database.crud:add_job:23 - Job added
2026-07-28 22:52:07.186 | INFO     | database.crud:add_job:23 - Job added
2026-07-28 22:52:07.187 | INFO     | database.crud:add_job:23 - Job added
2026-07-28 22:52:07.188 | INFO     | database.crud:add_job:23 - Job added
2026-07-28 22:52:07.190 | INFO     | database.crud:add_job:23 - Job added
2026-07-28 22:52:07.192 | INFO     | database.crud:add_job:23 - Job added
2026-07-28 22:52:07.193 | INFO     | database.crud:add_job:23 - Job added
2026-07-28 22:52:07.194 | INFO     | database.crud:add_job:23 - Job added
2026-07-28 22:52:07.194 | INFO     | database.crud:add_job:23 - Job added
2026-07-28 22:52:07.196 | INFO     | database.crud:add_job:23 - Job added
2026-07-28 22:52:07.197 | INFO     | database.crud:add_job:23 - Job added
2026-07-28 22:52:07.197 | INFO     | database.crud:add_job:23 - Job added
2026-07-28 22:52:07.199 | INFO     | database.crud:add_job:23 - Job added
2026-07-28 22:52:07.200 | INFO     | database.crud:add_job:23 - Job added
2026-07-28 22:52:07.200 | INFO     | database.crud:add_job:23 - Job added
2026-07-28 22:52:07.201 | INFO     | database.crud:add_job:23 - Job added
2026-07-28 22:52:07.202 | INFO     | database.crud:add_job:23 - Job added
2026-07-28 22:52:07.204 | INFO     | database.crud:add_job:23 - Job added
2026-07-28 22:52:07.205 | INFO     | database.crud:add_job:23 - Job added
2026-07-28 22:52:07.205 | INFO     | database.crud:add_job:23 - Job added
2026-07-28 22:52:07.206 | INFO     | database.crud:add_job:23 - Job added
2026-07-28 22:52:07.207 | INFO     | database.crud:add_job:23 - Job added
2026-07-28 22:52:07.208 | INFO     | database.crud:add_job:23 - Job added
2026-07-28 22:52:07.209 | INFO     | database.crud:add_job:23 - Job added
2026-07-28 22:52:07.210 | INFO     | database.crud:add_job:23 - Job added
2026-07-28 22:52:07.211 | INFO     | database.crud:add_job:23 - Job added
2026-07-28 22:52:07.212 | INFO     | database.crud:add_job:23 - Job added
2026-07-28 22:52:07.212 | INFO     | database.crud:add_job:23 - Job added
2026-07-28 22:52:07.213 | INFO     | database.crud:add_job:23 - Job added
2026-07-28 22:52:07.214 | INFO     | database.crud:add_job:23 - Job added
2026-07-28 22:52:07.215 | INFO     | database.crud:add_job:23 - Job added
2026-07-28 22:52:07.215 | INFO     | database.crud:add_job:23 - Job added
2026-07-28 22:52:07.216 | INFO     | database.crud:add_job:23 - Job added
2026-07-28 22:52:07.217 | INFO     | database.crud:add_job:23 - Job added
2026-07-28 22:52:07.218 | INFO     | database.crud:add_job:23 - Job added
2026-07-28 22:52:07.219 | INFO     | database.crud:add_job:23 - Job added
2026-07-28 22:52:07.220 | INFO     | database.crud:add_job:23 - Job added
2026-07-28 22:52:07.221 | INFO     | database.crud:add_job:23 - Job added
2026-07-28 22:52:07.222 | INFO     | database.crud:add_job:23 - Job added
2026-07-28 22:52:07.222 | INFO     | database.crud:add_job:23 - Job added
2026-07-28 22:52:07.223 | INFO     | database.crud:add_job:23 - Job added
2026-07-28 22:52:07.224 | INFO     | database.crud:add_job:23 - Job added
2026-07-28 22:52:07.225 | INFO     | database.crud:add_job:23 - Job added
2026-07-28 22:52:07.226 | INFO     | database.crud:add_job:23 - Job added
2026-07-28 22:52:07.226 | INFO     | database.crud:add_job:23 - Job added
2026-07-28 22:52:07.227 | INFO     | database.crud:add_job:23 - Job added
2026-07-28 22:52:07.228 | INFO     | database.crud:add_job:23 - Job added
2026-07-28 22:52:07.229 | INFO     | database.crud:add_job:23 - Job added
2026-07-28 22:52:07.229 | INFO     | database.crud:add_job:23 - Job added
2026-07-28 22:52:07.230 | INFO     | database.crud:add_job:23 - Job added
2026-07-28 22:52:07.231 | INFO     | database.crud:add_job:23 - Job added
2026-07-28 22:52:07.232 | INFO     | database.crud:add_job:23 - Job added
2026-07-28 22:52:07.232 | INFO     | database.crud:add_job:23 - Job added
2026-07-28 22:52:07.233 | INFO     | database.crud:add_job:23 - Job added
2026-07-28 22:52:07.234 | INFO     | database.crud:add_job:23 - Job added
2026-07-28 22:52:07.234 | INFO     | database.crud:add_job:23 - Job added
2026-07-28 22:52:07.235 | INFO     | database.crud:add_job:23 - Job added
2026-07-28 22:52:07.236 | INFO     | database.crud:add_job:23 - Job added
2026-07-28 22:52:07.237 | INFO     | database.crud:add_job:23 - Job added
2026-07-28 22:52:07.238 | INFO     | database.crud:add_job:23 - Job added
2026-07-28 22:52:07.238 | INFO     | database.crud:add_job:23 - Job added
2026-07-28 22:52:07.239 | INFO     | database.crud:add_job:23 - Job added
2026-07-28 22:52:07.240 | INFO     | database.crud:add_job:23 - Job added
2026-07-28 22:52:07.241 | INFO     | database.crud:add_job:23 - Job added
2026-07-28 22:52:07.241 | INFO     | database.crud:add_job:23 - Job added
2026-07-28 22:52:07.242 | INFO     | database.crud:add_job:23 - Job added
2026-07-28 22:52:07.243 | INFO     | database.crud:add_job:23 - Job added
2026-07-28 22:52:07.244 | INFO     | database.crud:add_job:23 - Job added
2026-07-28 22:52:07.244 | INFO     | database.crud:add_job:23 - Job added
2026-07-28 22:52:07.245 | INFO     | database.crud:add_job:23 - Job added
2026-07-28 22:52:07.246 | INFO     | database.crud:add_job:23 - Job added
2026-07-28 22:52:07.247 | INFO     | database.crud:add_job:23 - Job added
2026-07-28 22:52:07.248 | INFO     | database.crud:add_job:23 - Job added
2026-07-28 22:52:07.248 | INFO     | database.crud:add_job:23 - Job added
2026-07-28 22:52:07.249 | INFO     | database.crud:add_job:23 - Job added
2026-07-28 22:52:07.250 | INFO     | database.crud:add_job:23 - Job added
2026-07-28 22:52:07.251 | INFO     | database.crud:add_job:23 - Job added
2026-07-28 22:52:07.251 | INFO     | database.crud:add_job:23 - Job added
2026-07-28 22:52:07.252 | INFO     | database.crud:add_job:23 - Job added
2026-07-28 22:52:07.253 | INFO     | database.crud:add_job:23 - Job added
2026-07-28 22:52:07.254 | INFO     | database.crud:add_job:23 - Job added
2026-07-28 22:52:07.255 | INFO     | database.crud:add_job:23 - Job added
2026-07-28 22:52:07.255 | INFO     | database.crud:add_job:23 - Job added
2026-07-28 22:52:07.256 | INFO     | database.crud:add_job:23 - Job added
2026-07-28 22:52:07.257 | INFO     | database.crud:add_job:23 - Job added
2026-07-28 22:52:07.257 | INFO     | database.crud:add_job:23 - Job added
2026-07-28 22:52:07.258 | INFO     | database.crud:add_job:23 - Job added
2026-07-28 22:52:07.259 | INFO     | database.crud:add_job:23 - Job added
2026-07-28 22:52:07.260 | INFO     | database.crud:add_job:23 - Job added
2026-07-28 22:52:07.261 | INFO     | database.crud:add_job:23 - Job added
2026-07-28 22:52:07.262 | INFO     | database.crud:add_job:23 - Job added
2026-07-28 22:52:07.262 | INFO     | database.crud:add_job:23 - Job added
2026-07-28 22:52:07.263 | INFO     | database.crud:add_job:23 - Job added
2026-07-28 22:52:07.264 | INFO     | database.crud:add_job:23 - Job added
2026-07-28 22:52:07.265 | INFO     | database.crud:add_job:23 - Job added
2026-07-28 22:52:07.265 | INFO     | database.crud:add_job:23 - Job added
2026-07-28 22:52:07.266 | INFO     | database.crud:add_job:23 - Job added
2026-07-28 22:52:07.267 | INFO     | database.crud:add_job:23 - Job added
2026-07-28 22:52:07.267 | INFO     | database.crud:add_job:23 - Job added
2026-07-28 22:52:07.268 | INFO     | database.crud:add_job:23 - Job added
2026-07-28 22:52:07.269 | INFO     | database.crud:add_job:23 - Job added
2026-07-28 22:52:07.270 | INFO     | database.crud:add_job:23 - Job added
2026-07-28 22:52:07.271 | INFO     | database.crud:add_job:23 - Job added
2026-07-28 22:52:07.272 | INFO     | database.crud:add_job:23 - Job added
2026-07-28 22:52:07.273 | INFO     | database.crud:add_job:23 - Job added
2026-07-28 22:52:07.274 | INFO     | database.crud:add_job:23 - Job added
2026-07-28 22:52:07.275 | INFO     | database.crud:add_job:23 - Job added
2026-07-28 22:52:07.275 | INFO     | database.crud:add_job:23 - Job added
2026-07-28 22:52:07.276 | INFO     | database.crud:add_job:23 - Job added
2026-07-28 22:52:07.277 | INFO     | database.crud:add_job:23 - Job added
2026-07-28 22:52:07.278 | INFO     | database.crud:add_job:23 - Job added
2026-07-28 22:52:07.278 | INFO     | database.crud:add_job:23 - Job added
2026-07-28 22:52:07.279 | INFO     | database.crud:add_job:23 - Job added
2026-07-28 22:52:07.280 | INFO     | database.crud:add_job:23 - Job added
2026-07-28 22:52:07.281 | INFO     | database.crud:add_job:23 - Job added
2026-07-28 22:52:07.281 | INFO     | database.crud:add_job:23 - Job added
2026-07-28 22:52:07.282 | INFO     | database.crud:add_job:23 - Job added
2026-07-28 22:52:07.283 | INFO     | database.crud:add_job:23 - Job added
2026-07-28 22:52:07.284 | INFO     | database.crud:add_job:23 - Job added
2026-07-28 22:52:07.284 | INFO     | database.crud:add_job:23 - Job added
2026-07-28 22:52:07.285 | INFO     | database.crud:add_job:23 - Job added
2026-07-28 22:52:07.286 | INFO     | database.crud:add_job:23 - Job added
2026-07-28 22:52:07.287 | INFO     | database.crud:add_job:23 - Job added
2026-07-28 22:52:07.287 | INFO     | database.crud:add_job:23 - Job added
2026-07-28 22:52:07.288 | INFO     | database.crud:add_job:23 - Job added
2026-07-28 22:52:07.289 | INFO     | database.crud:add_job:23 - Job added
2026-07-28 22:52:07.290 | INFO     | database.crud:add_job:23 - Job added
2026-07-28 22:52:07.290 | INFO     | database.crud:add_job:23 - Job added
2026-07-28 22:52:07.291 | INFO     | database.crud:add_job:23 - Job added
2026-07-28 22:52:07.292 | INFO     | database.crud:add_job:23 - Job added
2026-07-28 22:52:07.292 | INFO     | database.crud:add_job:23 - Job added
2026-07-28 22:52:07.293 | INFO     | database.crud:add_job:23 - Job added
2026-07-28 22:52:07.294 | INFO     | database.crud:add_job:23 - Job added
2026-07-28 22:52:07.295 | INFO     | database.crud:add_job:23 - Job added
2026-07-28 22:52:07.295 | INFO     | database.crud:add_job:23 - Job added
2026-07-28 22:52:07.296 | INFO     | database.crud:add_job:23 - Job added
2026-07-28 22:52:07.297 | INFO     | database.crud:add_job:23 - Job added
2026-07-28 22:52:07.297 | INFO     | database.crud:add_job:23 - Job added
2026-07-28 22:52:07.298 | INFO     | database.crud:add_job:23 - Job added
2026-07-28 22:52:07.299 | INFO     | database.crud:add_job:23 - Job added
2026-07-28 22:52:07.299 | INFO     | database.crud:add_job:23 - Job added
2026-07-28 22:52:07.300 | INFO     | database.crud:add_job:23 - Job added
2026-07-28 22:52:07.301 | INFO     | database.crud:add_job:23 - Job added
2026-07-28 22:52:07.302 | INFO     | database.crud:add_job:23 - Job added
2026-07-28 22:52:07.303 | INFO     | database.crud:add_job:23 - Job added
2026-07-28 22:52:07.304 | INFO     | database.crud:add_job:23 - Job added
2026-07-28 22:52:07.305 | INFO     | database.crud:add_job:23 - Job added
2026-07-28 22:52:07.306 | INFO     | database.crud:add_job:23 - Job added
2026-07-28 22:52:07.307 | INFO     | database.crud:add_job:23 - Job added
2026-07-28 22:52:07.307 | INFO     | database.crud:add_job:23 - Job added
2026-07-28 22:52:07.308 | INFO     | database.crud:add_job:23 - Job added
2026-07-28 22:52:07.309 | INFO     | database.crud:add_job:23 - Job added
2026-07-28 22:52:07.310 | INFO     | database.crud:add_job:23 - Job added
2026-07-28 22:52:07.310 | INFO     | database.crud:add_job:23 - Job added
2026-07-28 22:52:07.311 | INFO     | database.crud:add_job:23 - Job added
2026-07-28 22:52:07.312 | INFO     | database.crud:add_job:23 - Job added
2026-07-28 22:52:07.313 | INFO     | database.crud:add_job:23 - Job added
2026-07-28 22:52:07.313 | INFO     | database.crud:add_job:23 - Job added
2026-07-28 22:52:07.314 | INFO     | database.crud:add_job:23 - Job added
2026-07-28 22:52:07.315 | INFO     | database.crud:add_job:23 - Job added
2026-07-28 22:52:07.316 | INFO     | database.crud:add_job:23 - Job added
2026-07-28 22:52:07.316 | INFO     | database.crud:add_job:23 - Job added
2026-07-28 22:52:07.317 | INFO     | database.crud:add_job:23 - Job added
2026-07-28 22:52:07.318 | INFO     | database.crud:add_job:23 - Job added
2026-07-28 22:52:07.319 | INFO     | database.crud:add_job:23 - Job added
2026-07-28 22:52:07.320 | INFO     | database.crud:add_job:23 - Job added
2026-07-28 22:52:07.321 | INFO     | database.crud:add_job:23 - Job added
2026-07-28 22:52:07.321 | INFO     | database.crud:add_job:23 - Job added
2026-07-28 22:52:07.322 | INFO     | database.crud:add_job:23 - Job added
2026-07-28 22:52:07.323 | INFO     | database.crud:add_job:23 - Job added
2026-07-28 22:52:07.323 | INFO     | database.crud:add_job:23 - Job added
2026-07-28 22:52:07.324 | INFO     | database.crud:add_job:23 - Job added
2026-07-28 22:52:07.325 | INFO     | database.crud:add_job:23 - Job added
2026-07-28 22:52:07.326 | INFO     | database.crud:add_job:23 - Job added
2026-07-28 22:52:07.326 | INFO     | database.crud:add_job:23 - Job added
2026-07-28 22:52:07.327 | INFO     | database.crud:add_job:23 - Job added
2026-07-28 22:52:07.328 | INFO     | database.crud:add_job:23 - Job added
2026-07-28 22:52:07.328 | INFO     | database.crud:add_job:23 - Job added
2026-07-28 22:52:07.329 | INFO     | database.crud:add_job:23 - Job added
2026-07-28 22:52:07.330 | INFO     | database.crud:add_job:23 - Job added
2026-07-28 22:52:07.331 | INFO     | database.crud:add_job:23 - Job added
2026-07-28 22:52:07.332 | INFO     | database.crud:add_job:23 - Job added
2026-07-28 22:52:07.332 | INFO     | database.crud:add_job:23 - Job added
2026-07-28 22:52:07.333 | INFO     | database.crud:add_job:23 - Job added
2026-07-28 22:52:07.334 | INFO     | database.crud:add_job:23 - Job added
2026-07-28 22:52:07.335 | INFO     | database.crud:add_job:23 - Job added
2026-07-28 22:52:07.335 | INFO     | database.crud:add_job:23 - Job added
2026-07-28 22:52:07.336 | INFO     | database.crud:add_job:23 - Job added
2026-07-28 22:52:07.337 | INFO     | database.crud:add_job:23 - Job added
2026-07-28 22:52:07.338 | INFO     | database.crud:add_job:23 - Job added
2026-07-28 22:52:07.339 | INFO     | database.crud:add_job:23 - Job added
2026-07-28 22:52:07.339 | INFO     | database.crud:add_job:23 - Job added
2026-07-28 22:52:07.340 | INFO     | database.crud:add_job:23 - Job added
2026-07-28 22:52:07.341 | INFO     | database.crud:add_job:23 - Job added
2026-07-28 22:52:07.342 | INFO     | database.crud:add_job:23 - Job added
2026-07-28 22:52:07.342 | INFO     | database.crud:add_job:23 - Job added
2026-07-28 22:52:07.343 | INFO     | database.crud:add_job:23 - Job added
2026-07-28 22:52:07.344 | INFO     | database.crud:add_job:23 - Job added
2026-07-28 22:52:07.344 | INFO     | database.crud:add_job:23 - Job added
2026-07-28 22:52:07.345 | INFO     | database.crud:add_job:23 - Job added
2026-07-28 22:52:07.346 | INFO     | database.crud:add_job:23 - Job added
2026-07-28 22:52:07.347 | INFO     | database.crud:add_job:23 - Job added
2026-07-28 22:52:07.348 | INFO     | database.crud:add_job:23 - Job added
2026-07-28 22:52:07.348 | INFO     | database.crud:add_job:23 - Job added
2026-07-28 22:52:07.349 | INFO     | database.crud:add_job:23 - Job added
2026-07-28 22:52:07.350 | INFO     | database.crud:add_job:23 - Job added
2026-07-28 22:52:07.350 | INFO     | database.crud:add_job:23 - Job added
2026-07-28 22:52:07.351 | INFO     | database.crud:add_job:23 - Job added
2026-07-28 22:52:07.352 | INFO     | database.crud:add_job:23 - Job added
2026-07-28 22:52:07.353 | INFO     | database.crud:add_job:23 - Job added
2026-07-28 22:52:07.354 | INFO     | database.crud:add_job:23 - Job added
2026-07-28 22:52:07.354 | INFO     | database.crud:add_job:23 - Job added
2026-07-28 22:52:07.355 | INFO     | database.crud:add_job:23 - Job added
2026-07-28 22:52:07.356 | INFO     | database.crud:add_job:23 - Job added
2026-07-28 22:52:07.356 | INFO     | database.crud:add_job:23 - Job added
2026-07-28 22:52:07.357 | INFO     | database.crud:add_job:23 - Job added
2026-07-28 22:52:07.358 | INFO     | database.crud:add_job:23 - Job added
2026-07-28 22:52:07.359 | INFO     | database.crud:add_job:23 - Job added
2026-07-28 22:52:07.360 | INFO     | database.crud:add_job:23 - Job added
2026-07-28 22:52:07.361 | INFO     | database.crud:add_job:23 - Job added
2026-07-28 22:52:07.361 | INFO     | database.crud:add_job:23 - Job added
2026-07-28 22:52:07.362 | INFO     | database.crud:add_job:23 - Job added
2026-07-28 22:52:07.363 | INFO     | database.crud:add_job:23 - Job added
2026-07-28 22:52:07.364 | INFO     | database.crud:add_job:23 - Job added
2026-07-28 22:52:07.364 | INFO     | database.crud:add_job:23 - Job added
2026-07-28 22:52:07.365 | INFO     | database.crud:add_job:23 - Job added
2026-07-28 22:52:07.366 | INFO     | database.crud:add_job:23 - Job added
2026-07-28 22:52:07.367 | INFO     | database.crud:add_job:23 - Job added
2026-07-28 22:52:07.368 | INFO     | database.crud:add_job:23 - Job added
2026-07-28 22:52:07.368 | INFO     | database.crud:add_job:23 - Job added
2026-07-28 22:52:07.369 | INFO     | database.crud:add_job:23 - Job added
2026-07-28 22:52:07.370 | INFO     | database.crud:add_job:23 - Job added
2026-07-28 22:52:07.371 | INFO     | database.crud:add_job:23 - Job added
2026-07-28 22:52:07.371 | INFO     | database.crud:add_job:23 - Job added
2026-07-28 22:52:07.372 | INFO     | database.crud:add_job:23 - Job added
2026-07-28 22:52:07.373 | INFO     | database.crud:add_job:23 - Job added
2026-07-28 22:52:07.373 | INFO     | database.crud:add_job:23 - Job added
2026-07-28 22:52:07.374 | INFO     | database.crud:add_job:23 - Job added
2026-07-28 22:52:07.375 | INFO     | database.crud:add_job:23 - Job added
2026-07-28 22:52:07.376 | INFO     | database.crud:add_job:23 - Job added
2026-07-28 22:52:07.376 | INFO     | database.crud:add_job:23 - Job added
2026-07-28 22:52:07.377 | INFO     | database.crud:add_job:23 - Job added
2026-07-28 22:52:07.378 | INFO     | database.crud:add_job:23 - Job added
2026-07-28 22:52:07.379 | INFO     | database.crud:add_job:23 - Job added
2026-07-28 22:52:07.379 | INFO     | database.crud:add_job:23 - Job added
2026-07-28 22:52:07.380 | INFO     | database.crud:add_job:23 - Job added
2026-07-28 22:52:07.381 | INFO     | database.crud:add_job:23 - Job added
2026-07-28 22:52:07.382 | INFO     | database.crud:add_job:23 - Job added
2026-07-28 22:52:07.382 | INFO     | database.crud:add_job:23 - Job added
2026-07-28 22:52:07.383 | INFO     | database.crud:add_job:23 - Job added
2026-07-28 22:52:07.384 | INFO     | database.crud:add_job:23 - Job added
2026-07-28 22:52:07.385 | INFO     | database.crud:add_job:23 - Job added
2026-07-28 22:52:07.386 | INFO     | database.crud:add_job:23 - Job added
2026-07-28 22:52:07.386 | INFO     | database.crud:add_job:23 - Job added
2026-07-28 22:52:07.387 | INFO     | database.crud:add_job:23 - Job added
2026-07-28 22:52:07.388 | INFO     | database.crud:add_job:23 - Job added
2026-07-28 22:52:07.389 | INFO     | database.crud:add_job:23 - Job added
2026-07-28 22:52:07.389 | INFO     | database.crud:add_job:23 - Job added
2026-07-28 22:52:07.390 | INFO     | database.crud:add_job:23 - Job added
2026-07-28 22:52:07.391 | INFO     | database.crud:add_job:23 - Job added
2026-07-28 22:52:07.392 | INFO     | database.crud:add_job:23 - Job added
2026-07-28 22:52:07.392 | INFO     | database.crud:add_job:23 - Job added
2026-07-28 22:52:07.393 | INFO     | database.crud:add_job:23 - Job added
2026-07-28 22:52:07.394 | INFO     | database.crud:add_job:23 - Job added
2026-07-28 22:52:07.395 | INFO     | database.crud:add_job:23 - Job added
2026-07-28 22:52:07.396 | INFO     | database.crud:add_job:23 - Job added
2026-07-28 22:52:07.397 | INFO     | database.crud:add_job:23 - Job added
2026-07-28 22:52:07.397 | INFO     | database.crud:add_job:23 - Job added
2026-07-28 22:52:07.398 | INFO     | database.crud:add_job:23 - Job added
2026-07-28 22:52:07.399 | INFO     | database.crud:add_job:23 - Job added
2026-07-28 22:52:07.400 | INFO     | database.crud:add_job:23 - Job added
2026-07-28 22:52:07.400 | INFO     | database.crud:add_job:23 - Job added
2026-07-28 22:52:07.401 | INFO     | database.crud:add_job:23 - Job added
2026-07-28 22:52:07.402 | INFO     | database.crud:add_job:23 - Job added
2026-07-28 22:52:07.403 | INFO     | database.crud:add_job:23 - Job added
2026-07-28 22:52:07.404 | INFO     | database.crud:add_job:23 - Job added
2026-07-28 22:52:07.405 | INFO     | database.crud:add_job:23 - Job added
2026-07-28 22:52:07.405 | INFO     | database.crud:add_job:23 - Job added
2026-07-28 22:52:07.406 | INFO     | database.crud:add_job:23 - Job added
2026-07-28 22:52:07.407 | INFO     | database.crud:add_job:23 - Job added
2026-07-28 22:52:07.408 | INFO     | database.crud:add_job:23 - Job added
2026-07-28 22:52:07.408 | INFO     | database.crud:add_job:23 - Job added
2026-07-28 22:52:07.409 | INFO     | database.crud:add_job:23 - Job added
2026-07-28 22:52:07.410 | INFO     | database.crud:add_job:23 - Job added
2026-07-28 22:52:07.411 | INFO     | database.crud:add_job:23 - Job added
2026-07-28 22:52:07.411 | INFO     | database.crud:add_job:23 - Job added
2026-07-28 22:52:07.412 | INFO     | database.crud:add_job:23 - Job added
2026-07-28 22:52:07.413 | INFO     | database.crud:add_job:23 - Job added
2026-07-28 22:52:07.414 | INFO     | database.crud:add_job:23 - Job added
2026-07-28 22:52:07.414 | INFO     | database.crud:add_job:23 - Job added
2026-07-28 22:52:07.415 | INFO     | database.crud:add_job:23 - Job added
2026-07-28 22:52:07.416 | INFO     | database.crud:add_job:23 - Job added
2026-07-28 22:52:07.417 | INFO     | database.crud:add_job:23 - Job added
2026-07-28 22:52:07.417 | INFO     | database.crud:add_job:23 - Job added
2026-07-28 22:52:07.418 | INFO     | database.crud:add_job:23 - Job added
2026-07-28 22:52:07.419 | INFO     | database.crud:add_job:23 - Job added
2026-07-28 22:52:07.420 | INFO     | database.crud:add_job:23 - Job added
2026-07-28 22:52:07.421 | INFO     | database.crud:add_job:23 - Job added
2026-07-28 22:52:07.421 | INFO     | database.crud:add_job:23 - Job added
2026-07-28 22:52:07.422 | INFO     | database.crud:add_job:23 - Job added
2026-07-28 22:52:07.423 | INFO     | database.crud:add_job:23 - Job added
2026-07-28 22:52:07.424 | INFO     | database.crud:add_job:23 - Job added
2026-07-28 22:52:07.424 | INFO     | database.crud:add_job:23 - Job added
2026-07-28 22:52:07.425 | INFO     | database.crud:add_job:23 - Job added
2026-07-28 22:52:07.426 | INFO     | database.crud:add_job:23 - Job added
2026-07-28 22:52:07.427 | INFO     | database.crud:add_job:23 - Job added
2026-07-28 22:52:07.428 | INFO     | database.crud:add_job:23 - Job added
2026-07-28 22:52:07.428 | INFO     | database.crud:add_job:23 - Job added
2026-07-28 22:52:07.429 | INFO     | database.crud:add_job:23 - Job added
2026-07-28 22:52:07.430 | INFO     | database.crud:add_job:23 - Job added
2026-07-28 22:52:07.431 | INFO     | database.crud:add_job:23 - Job added
2026-07-28 22:52:07.431 | INFO     | database.crud:add_job:23 - Job added
2026-07-28 22:52:07.432 | INFO     | database.crud:add_job:23 - Job added
2026-07-28 22:52:07.433 | INFO     | database.crud:add_job:23 - Job added
2026-07-28 22:52:07.434 | INFO     | database.crud:add_job:23 - Job added
2026-07-28 22:52:07.434 | INFO     | database.crud:add_job:23 - Job added
2026-07-28 22:52:07.435 | INFO     | database.crud:add_job:23 - Job added
2026-07-28 22:52:07.436 | INFO     | database.crud:add_job:23 - Job added
2026-07-28 22:52:07.437 | INFO     | database.crud:add_job:23 - Job added
2026-07-28 22:52:07.437 | INFO     | database.crud:add_job:23 - Job added
2026-07-28 22:52:07.438 | INFO     | database.crud:add_job:23 - Job added
2026-07-28 22:52:07.439 | INFO     | database.crud:add_job:23 - Job added
2026-07-28 22:52:07.450 | INFO     | database.crud:add_job:23 - Job added
2026-07-28 22:52:07.452 | INFO     | database.crud:add_job:23 - Job added
2026-07-28 22:52:07.457 | INFO     | database.crud:add_job:23 - Job added
2026-07-28 22:52:07.458 | INFO     | database.crud:add_job:23 - Job added
2026-07-28 22:52:07.463 | INFO     | database.crud:add_job:23 - Job added
2026-07-28 22:52:07.465 | INFO     | database.crud:add_job:23 - Job added
2026-07-28 22:52:07.466 | INFO     | database.crud:add_job:23 - Job added
2026-07-28 22:52:07.467 | INFO     | database.crud:add_job:23 - Job added
2026-07-28 22:52:07.468 | INFO     | database.crud:add_job:23 - Job added
2026-07-28 22:52:07.469 | INFO     | database.crud:add_job:23 - Job added
2026-07-28 22:52:07.471 | INFO     | database.crud:add_job:23 - Job added
2026-07-28 22:52:07.473 | INFO     | database.crud:add_job:23 - Job added
2026-07-28 22:52:07.474 | INFO     | database.crud:add_job:23 - Job added
2026-07-28 22:52:07.476 | INFO     | database.crud:add_job:23 - Job added
2026-07-28 22:52:07.477 | INFO     | database.crud:add_job:23 - Job added
2026-07-28 22:52:07.477 | INFO     | database.crud:add_job:23 - Job added
2026-07-28 22:52:07.478 | INFO     | database.crud:add_job:23 - Job added
2026-07-28 22:52:07.479 | INFO     | database.crud:add_job:23 - Job added
2026-07-28 22:52:07.480 | INFO     | database.crud:add_job:23 - Job added
2026-07-28 22:52:07.481 | INFO     | database.crud:add_job:23 - Job added
2026-07-28 22:52:07.481 | INFO     | database.crud:add_job:23 - Job added
2026-07-28 22:52:07.482 | INFO     | database.crud:add_job:23 - Job added
2026-07-28 22:52:07.483 | INFO     | database.crud:add_job:23 - Job added
2026-07-28 22:52:07.484 | INFO     | database.crud:add_job:23 - Job added
2026-07-28 22:52:07.485 | INFO     | database.crud:add_job:23 - Job added
2026-07-28 22:52:07.486 | INFO     | database.crud:add_job:23 - Job added
2026-07-28 22:52:07.487 | INFO     | database.crud:add_job:23 - Job added
2026-07-28 22:52:07.487 | INFO     | database.crud:add_job:23 - Job added
2026-07-28 22:52:07.488 | INFO     | database.crud:add_job:23 - Job added
2026-07-28 22:52:07.489 | INFO     | database.crud:add_job:23 - Job added
2026-07-28 22:52:07.490 | INFO     | database.crud:add_job:23 - Job added
2026-07-28 22:52:07.491 | INFO     | database.crud:add_job:23 - Job added
2026-07-28 22:52:07.491 | INFO     | database.crud:add_job:23 - Job added
2026-07-28 22:52:07.492 | INFO     | database.crud:add_job:23 - Job added
2026-07-28 22:52:07.493 | INFO     | database.crud:add_job:23 - Job added
2026-07-28 22:52:07.494 | INFO     | database.crud:add_job:23 - Job added
2026-07-28 22:52:07.495 | INFO     | database.crud:add_job:23 - Job added
2026-07-28 22:52:07.495 | INFO     | database.crud:add_job:23 - Job added
2026-07-28 22:52:07.496 | INFO     | database.crud:add_job:23 - Job added
2026-07-28 22:52:07.497 | INFO     | database.crud:add_job:23 - Job added
2026-07-28 22:52:07.498 | INFO     | database.crud:add_job:23 - Job added
2026-07-28 22:52:07.499 | INFO     | database.crud:add_job:23 - Job added
2026-07-28 22:52:07.499 | INFO     | database.crud:add_job:23 - Job added
2026-07-28 22:52:07.500 | INFO     | database.crud:add_job:23 - Job added
2026-07-28 22:52:07.501 | INFO     | database.crud:add_job:23 - Job added
2026-07-28 22:52:07.502 | INFO     | database.crud:add_job:23 - Job added
2026-07-28 22:52:07.502 | INFO     | database.crud:add_job:23 - Job added
2026-07-28 22:52:07.503 | INFO     | database.crud:add_job:23 - Job added
2026-07-28 22:52:07.504 | INFO     | database.crud:add_job:23 - Job added
2026-07-28 22:52:07.505 | INFO     | database.crud:add_job:23 - Job added
2026-07-28 22:52:07.505 | INFO     | database.crud:add_job:23 - Job added
2026-07-28 22:52:07.506 | INFO     | database.crud:add_job:23 - Job added
2026-07-28 22:52:07.507 | INFO     | database.crud:add_job:23 - Job added
2026-07-28 22:52:07.508 | INFO     | database.crud:add_job:23 - Job added
2026-07-28 22:52:07.509 | INFO     | database.crud:add_job:23 - Job added
2026-07-28 22:52:07.510 | INFO     | database.crud:add_job:23 - Job added
2026-07-28 22:52:07.510 | INFO     | database.crud:add_job:23 - Job added
2026-07-28 22:52:07.512 | INFO     | database.crud:add_job:23 - Job added
2026-07-28 22:52:07.513 | INFO     | database.crud:add_job:23 - Job added
2026-07-28 22:52:07.513 | INFO     | database.crud:add_job:23 - Job added
2026-07-28 22:52:07.514 | INFO     | database.crud:add_job:23 - Job added
2026-07-28 22:52:07.515 | INFO     | database.crud:add_job:23 - Job added
2026-07-28 22:52:07.516 | INFO     | database.crud:add_job:23 - Job added
2026-07-28 22:52:07.517 | INFO     | database.crud:add_job:23 - Job added
2026-07-28 22:52:07.518 | INFO     | database.crud:add_job:23 - Job added
2026-07-28 22:52:07.519 | INFO     | database.crud:add_job:23 - Job added
2026-07-28 22:52:07.520 | INFO     | database.crud:add_job:23 - Job added
2026-07-28 22:52:07.520 | INFO     | database.crud:add_job:23 - Job added
2026-07-28 22:52:07.521 | INFO     | database.crud:add_job:23 - Job added
2026-07-28 22:52:07.522 | INFO     | database.crud:add_job:23 - Job added
2026-07-28 22:52:07.523 | INFO     | database.crud:add_job:23 - Job added
2026-07-28 22:52:07.524 | INFO     | database.crud:add_job:23 - Job added
2026-07-28 22:52:07.525 | INFO     | database.crud:add_job:23 - Job added
2026-07-28 22:52:07.526 | INFO     | database.crud:add_job:23 - Job added
2026-07-28 22:52:07.526 | INFO     | database.crud:add_job:23 - Job added
2026-07-28 22:52:07.527 | INFO     | database.crud:add_job:23 - Job added
2026-07-28 22:52:07.528 | INFO     | database.crud:add_job:23 - Job added
2026-07-28 22:52:07.529 | INFO     | database.crud:add_job:23 - Job added
2026-07-28 22:52:07.530 | INFO     | database.crud:add_job:23 - Job added
2026-07-28 22:52:07.531 | INFO     | database.crud:add_job:23 - Job added
2026-07-28 22:52:07.531 | INFO     | database.crud:add_job:23 - Job added
2026-07-28 22:52:07.532 | INFO     | database.crud:add_job:23 - Job added
2026-07-28 22:52:07.533 | INFO     | database.crud:add_job:23 - Job added
2026-07-28 22:52:07.534 | INFO     | database.crud:add_job:23 - Job added
2026-07-28 22:52:07.535 | INFO     | database.crud:add_job:23 - Job added
2026-07-28 22:52:07.536 | INFO     | database.crud:add_job:23 - Job added
2026-07-28 22:52:07.537 | INFO     | database.crud:add_job:23 - Job added
2026-07-28 22:52:07.538 | INFO     | database.crud:add_job:23 - Job added
2026-07-28 22:52:07.539 | INFO     | database.crud:add_job:23 - Job added
2026-07-28 22:52:07.539 | INFO     | database.crud:add_job:23 - Job added
2026-07-28 22:52:07.540 | INFO     | database.crud:add_job:23 - Job added
2026-07-28 22:52:07.541 | INFO     | database.crud:add_job:23 - Job added
2026-07-28 22:52:07.542 | INFO     | database.crud:add_job:23 - Job added
2026-07-28 22:52:07.543 | INFO     | database.crud:add_job:23 - Job added
2026-07-28 22:52:07.544 | INFO     | database.crud:add_job:23 - Job added
2026-07-28 22:52:07.544 | INFO     | database.crud:add_job:23 - Job added
2026-07-28 22:52:07.545 | INFO     | database.crud:add_job:23 - Job added
2026-07-28 22:52:07.546 | INFO     | database.crud:add_job:23 - Job added
2026-07-28 22:52:07.547 | INFO     | database.crud:add_job:23 - Job added
2026-07-28 22:52:07.548 | INFO     | database.crud:add_job:23 - Job added
2026-07-28 22:52:07.549 | INFO     | database.crud:add_job:23 - Job added
2026-07-28 22:52:07.550 | INFO     | database.crud:add_job:23 - Job added
2026-07-28 22:52:07.550 | INFO     | database.crud:add_job:23 - Job added
2026-07-28 22:52:07.551 | INFO     | database.crud:add_job:23 - Job added
2026-07-28 22:52:07.552 | INFO     | database.crud:add_job:23 - Job added
2026-07-28 22:52:07.553 | INFO     | database.crud:add_job:23 - Job added
2026-07-28 22:52:07.554 | INFO     | database.crud:add_job:23 - Job added
2026-07-28 22:52:07.555 | INFO     | database.crud:add_job:23 - Job added
2026-07-28 22:52:07.556 | INFO     | database.crud:add_job:23 - Job added
2026-07-28 22:52:07.557 | INFO     | database.crud:add_job:23 - Job added
2026-07-28 22:52:07.557 | INFO     | database.crud:add_job:23 - Job added
2026-07-28 22:52:07.558 | INFO     | database.crud:add_job:23 - Job added
2026-07-28 22:52:07.559 | INFO     | database.crud:add_job:23 - Job added
2026-07-28 22:52:07.560 | INFO     | database.crud:add_job:23 - Job added
2026-07-28 22:52:07.561 | INFO     | database.crud:add_job:23 - Job added
2026-07-28 22:52:07.561 | INFO     | database.crud:add_job:23 - Job added
2026-07-28 22:52:07.562 | INFO     | database.crud:add_job:23 - Job added
2026-07-28 22:52:07.563 | INFO     | database.crud:add_job:23 - Job added
2026-07-28 22:52:07.564 | INFO     | database.crud:add_job:23 - Job added
2026-07-28 22:52:07.564 | INFO     | database.crud:add_job:23 - Job added
2026-07-28 22:52:07.565 | INFO     | database.crud:add_job:23 - Job added
2026-07-28 22:52:07.566 | INFO     | database.crud:add_job:23 - Job added
2026-07-28 22:52:07.567 | INFO     | database.crud:add_job:23 - Job added
2026-07-28 22:52:07.567 | INFO     | database.crud:add_job:23 - Job added
2026-07-28 22:52:07.568 | INFO     | database.crud:add_job:23 - Job added
2026-07-28 22:52:07.569 | INFO     | database.crud:add_job:23 - Job added
2026-07-28 22:52:07.570 | INFO     | database.crud:add_job:23 - Job added
2026-07-28 22:52:07.571 | INFO     | database.crud:add_job:23 - Job added
2026-07-28 22:52:07.572 | INFO     | database.crud:add_job:23 - Job added
2026-07-28 22:52:07.573 | INFO     | database.crud:add_job:23 - Job added
2026-07-28 22:52:07.574 | INFO     | database.crud:add_job:23 - Job added
2026-07-28 22:52:07.575 | INFO     | database.crud:add_job:23 - Job added
2026-07-28 22:52:07.575 | INFO     | database.crud:add_job:23 - Job added
2026-07-28 22:52:07.576 | INFO     | database.crud:add_job:23 - Job added
2026-07-28 22:52:07.577 | INFO     | database.crud:add_job:23 - Job added
2026-07-28 22:52:07.578 | INFO     | database.crud:add_job:23 - Job added
2026-07-28 22:52:07.579 | INFO     | database.crud:add_job:23 - Job added
2026-07-28 22:52:07.579 | INFO     | database.crud:add_job:23 - Job added
2026-07-28 22:52:07.580 | INFO     | database.crud:add_job:23 - Job added
2026-07-28 22:52:07.581 | INFO     | database.crud:add_job:23 - Job added
2026-07-28 22:52:07.582 | INFO     | database.crud:add_job:23 - Job added
2026-07-28 22:52:07.583 | INFO     | database.crud:add_job:23 - Job added
2026-07-28 22:52:07.583 | INFO     | database.crud:add_job:23 - Job added
2026-07-28 22:52:07.584 | INFO     | database.crud:add_job:23 - Job added
2026-07-28 22:52:07.585 | INFO     | database.crud:add_job:23 - Job added
2026-07-28 22:52:07.586 | INFO     | database.crud:add_job:23 - Job added
2026-07-28 22:52:07.587 | INFO     | database.crud:add_job:23 - Job added
2026-07-28 22:52:07.588 | INFO     | database.crud:add_job:23 - Job added
2026-07-28 22:52:07.588 | INFO     | database.crud:add_job:23 - Job added
2026-07-28 22:52:07.589 | INFO     | database.crud:add_job:23 - Job added
2026-07-28 22:52:07.590 | INFO     | database.crud:add_job:23 - Job added
2026-07-28 22:52:07.591 | INFO     | database.crud:add_job:23 - Job added
2026-07-28 22:52:07.591 | INFO     | database.crud:add_job:23 - Job added
2026-07-28 22:52:07.592 | INFO     | database.crud:add_job:23 - Job added
2026-07-28 22:52:07.593 | INFO     | database.crud:add_job:23 - Job added
2026-07-28 22:52:07.594 | INFO     | database.crud:add_job:23 - Job added
2026-07-28 22:52:07.595 | INFO     | database.crud:add_job:23 - Job added
2026-07-28 22:52:07.596 | INFO     | database.crud:add_job:23 - Job added
2026-07-28 22:52:07.597 | INFO     | database.crud:add_job:23 - Job added
2026-07-28 22:52:07.598 | INFO     | database.crud:add_job:23 - Job added
2026-07-28 22:52:07.599 | INFO     | database.crud:add_job:23 - Job added
2026-07-28 22:52:07.600 | INFO     | database.crud:add_job:23 - Job added
2026-07-28 22:52:07.600 | INFO     | database.crud:add_job:23 - Job added
2026-07-28 22:52:07.601 | INFO     | database.crud:add_job:23 - Job added
2026-07-28 22:52:07.602 | INFO     | database.crud:add_job:23 - Job added
2026-07-28 22:52:07.603 | INFO     | database.crud:add_job:23 - Job added
2026-07-28 22:52:07.604 | INFO     | database.crud:add_job:23 - Job added
2026-07-28 22:52:07.605 | INFO     | database.crud:add_job:23 - Job added
2026-07-28 22:52:07.606 | INFO     | database.crud:add_job:23 - Job added
2026-07-28 22:52:07.607 | INFO     | database.crud:add_job:23 - Job added
2026-07-28 22:52:07.607 | INFO     | database.crud:add_job:23 - Job added
2026-07-28 22:52:07.608 | INFO     | database.crud:add_job:23 - Job added
2026-07-28 22:52:07.609 | INFO     | database.crud:add_job:23 - Job added
2026-07-28 22:52:07.610 | INFO     | database.crud:add_job:23 - Job added
2026-07-28 22:52:07.610 | INFO     | database.crud:add_job:23 - Job added
2026-07-28 22:52:07.611 | INFO     | database.crud:add_job:23 - Job added
2026-07-28 22:52:07.612 | INFO     | database.crud:add_job:23 - Job added
2026-07-28 22:52:07.613 | INFO     | database.crud:add_job:23 - Job added
2026-07-28 22:52:07.613 | INFO     | database.crud:add_job:23 - Job added
2026-07-28 22:52:07.614 | INFO     | database.crud:add_job:23 - Job added
2026-07-28 22:52:07.615 | INFO     | database.crud:add_job:23 - Job added
2026-07-28 22:52:07.616 | INFO     | database.crud:add_job:23 - Job added
2026-07-28 22:52:07.616 | INFO     | database.crud:add_job:23 - Job added
2026-07-28 22:52:07.617 | INFO     | database.crud:add_job:23 - Job added
2026-07-28 22:52:07.618 | INFO     | database.crud:add_job:23 - Job added
2026-07-28 22:52:07.619 | INFO     | database.crud:add_job:23 - Job added
2026-07-28 22:52:07.620 | INFO     | database.crud:add_job:23 - Job added
2026-07-28 22:52:07.621 | INFO     | database.crud:add_job:23 - Job added
2026-07-28 22:52:07.622 | INFO     | database.crud:add_job:23 - Job added
2026-07-28 22:52:07.622 | INFO     | database.crud:add_job:23 - Job added
2026-07-28 22:52:07.623 | INFO     | database.crud:add_job:23 - Job added
2026-07-28 22:52:07.624 | INFO     | database.crud:add_job:23 - Job added
2026-07-28 22:52:07.625 | INFO     | database.crud:add_job:23 - Job added
2026-07-28 22:52:07.626 | INFO     | database.crud:add_job:23 - Job added
2026-07-28 22:52:07.626 | INFO     | database.crud:add_job:23 - Job added
2026-07-28 22:52:07.627 | INFO     | database.crud:add_job:23 - Job added
2026-07-28 22:52:07.628 | INFO     | database.crud:add_job:23 - Job added
2026-07-28 22:52:07.629 | INFO     | database.crud:add_job:23 - Job added
2026-07-28 22:52:07.630 | INFO     | database.crud:add_job:23 - Job added
2026-07-28 22:52:07.631 | INFO     | database.crud:add_job:23 - Job added
2026-07-28 22:52:07.631 | INFO     | database.crud:add_job:23 - Job added
2026-07-28 22:52:07.632 | INFO     | database.crud:add_job:23 - Job added
2026-07-30 00:13:39.323 | INFO     | database.crud:save_jobs:32 - Saved jobs for stripe
2026-07-30 00:13:43.315 | INFO     | database.crud:save_jobs:32 - Saved jobs for databricks
2026-07-30 00:13:43.951 | INFO     | database.crud:save_jobs:32 - Saved jobs for airbnb
2026-07-30 00:13:45.405 | INFO     | database.crud:save_jobs:32 - Saved jobs for figma
2026-07-30 00:18:51.166 | INFO     | database.crud:save_jobs:32 - Saved jobs for stripe
2026-07-30 00:18:52.976 | INFO     | database.crud:save_jobs:32 - Saved jobs for databricks
2026-07-30 00:18:53.687 | INFO     | database.crud:save_jobs:32 - Saved jobs for airbnb
2026-07-30 00:18:54.876 | INFO     | database.crud:save_jobs:32 - Saved jobs for figma
2026-08-01 20:44:41.315 | INFO     | database.crud:save_jobs:34 - Saved jobs for stripe
2026-08-01 20:44:42.286 | INFO     | database.crud:save_jobs:34 - Saved jobs for databricks
2026-08-01 20:44:42.927 | INFO     | database.crud:save_jobs:34 - Saved jobs for airbnb
2026-08-01 20:44:44.142 | INFO     | database.crud:save_jobs:34 - Saved jobs for figma
2026-08-01 21:13:49.940 | INFO     | database.crud:save_jobs:35 - Saved jobs for stripe
2026-08-01 21:13:51.803 | INFO     | database.crud:save_jobs:35 - Saved jobs for databricks
2026-08-01 21:13:52.495 | INFO     | database.crud:save_jobs:35 - Saved jobs for airbnb
2026-08-01 21:13:53.792 | INFO     | database.crud:save_jobs:35 - Saved jobs for figma
2026-08-02 13:35:56.618 | INFO     | database.crud:save_jobs:36 - Saved 0 jobs
2026-08-02 13:42:45.752 | INFO     | database.crud:save_jobs:36 - Saved 0 jobs
2026-08-02 13:43:58.450 | INFO     | database.crud:save_jobs:36 - Saved 0 jobs
2026-08-02 13:46:39.981 | INFO     | database.crud:save_jobs:36 - Saved 0 jobs
2026-08-02 13:47:42.234 | INFO     | database.crud:save_jobs:36 - Saved 0 jobs
2026-08-02 13:49:43.761 | INFO     | database.crud:save_jobs:36 - Saved 0 jobs
2026-08-02 13:51:55.154 | INFO     | database.crud:save_jobs:36 - Saved 0 jobs
2026-08-02 13:53:11.797 | INFO     | database.crud:save_jobs:36 - Saved 548 jobs
